[2026-04-18T07:18:51.476Z] GET http://localhost:5173/ → 200 (25ms, 6633B)
[2026-04-18T07:18:51.509Z] GET http://localhost:5173/@vite/client → 200 (39ms, 178928B)
[2026-04-18T07:18:51.509Z] GET https://fonts.googleapis.com/css2?family=Fraunces:ital,opsz,wght@0,9..144,300..900;1,9..144,400..900&family=IBM+Plex+Sans:ital,wght@0,300;0,400;0,500;0,600;1,400&family=JetBrains+Mono:ital,wght@0,400;0,500;0,700;1,400&display=swap → 200 (562ms, 25510B)
[2026-04-18T07:18:51.509Z] GET http://localhost:5173/main.js → 200 (32ms, 261715B)
[2026-04-18T07:18:51.542Z] GET http://localhost:5173/style.css → 200 (6ms, 45794B)
[2026-04-18T07:18:51.542Z] GET https://unpkg.com/three@0.160.0/build/three.module.js → pending (?ms, ?B)
[2026-04-18T07:18:51.548Z] GET http://localhost:5173/node_modules/vite/dist/client/env.mjs → 200 (?ms, 3478B)
[2026-04-18T07:18:52.611Z] GET https://fonts.gstatic.com/s/jetbrainsmono/v24/tDbv2o-flEEny0FZhsfKu5WU4zr3E_BX0PnT8RD8yKwBNntkaToggR7BYRbKPxDcwgknk-4.woff2 → 200 (572ms, 31340B)
[2026-04-18T07:18:52.612Z] GET https://fonts.gstatic.com/s/ibmplexsans/v23/zYXzKVElMYYaJe8bpLHnCwDKr932-G7dytD-Dmu1syxeKYbSB4Zh.woff2 → 200 (640ms, 40240B)
[2026-04-18T07:18:52.612Z] GET https://fonts.gstatic.com/s/ibmplexsans/v23/zYXEKVElMYYaJe8bpLHnCwDKhdTEG46kmUZQCX598fQbM4jw8V78x9OWIhqbQ5g6voKE7-jfBVQ.woff2 → 200 (680ms, 19284B)
[2026-04-18T07:18:52.612Z] GET https://fonts.gstatic.com/s/fraunces/v38/6NU58FyLNQOQZAnv9ZwNjucMHVn85Ni7emAe9lKqZTnbB-gzTK0K1ChjeveQ7ZXk8g.woff2 → 200 (790ms, 81704B)
[2026-04-18T07:18:53.414Z] GET https://fonts.gstatic.com/s/fraunces/v38/6NU78FyLNQOQZAnv9bYEvDiIdE9Ea92uemAk_WBq8U_9v0c2Wa0KxC9TeP2Xz5c.woff2 → pending (?ms, ?B)
[2026-04-18T07:18:53.414Z] GET https://fonts.gstatic.com/s/jetbrainsmono/v24/tDba2o-flEEny0FZhsfKu5WU4xD-IQ-PuZJJXxfpAO-LfmOXmaKxggPBcV8.woff2 → pending (?ms, ?B)
[2026-04-18T07:18:53.414Z] GET https://fonts.gstatic.com/s/jetbrainsmono/v24/tDbv2o-flEEny0FZhsfKu5WU4zr3E_BX0PnT8RD8yKwBNntkaToggR7BYRbKPxTcwgknk-6nFg.woff2 → pending (?ms, ?B)
[2026-04-18T07:20:58.071Z] GET https://fonts.gstatic.com/s/ibmplexsans/v23/zYXzKVElMYYaJe8bpLHnCwDKr932-G7dytD-Dmu1syxdKYbSB4ZhRNU.woff2 → 200 (262ms, 16296B)
[2026-04-18T07:21:37.832Z] GET http://localhost:5173/ → 200 (6ms, 6633B)
[2026-04-18T07:21:37.842Z] GET http://localhost:5173/@vite/client → 200 (4ms, 178928B)
[2026-04-18T07:21:37.842Z] GET https://fonts.googleapis.com/css2?family=Fraunces:ital,opsz,wght@0,9..144,300..900;1,9..144,400..900&family=IBM+Plex+Sans:ital,wght@0,300;0,400;0,500;0,600;1,400&family=JetBrains+Mono:ital,wght@0,400;0,500;0,700;1,400&display=swap → 200 (1ms, 25510B)
[2026-04-18T07:21:37.843Z] GET http://localhost:5173/main.js → 200 (4ms, 261715B)
[2026-04-18T07:21:37.846Z] GET http://localhost:5173/node_modules/vite/dist/client/env.mjs → 200 (1ms, 3478B)
[2026-04-18T07:21:37.847Z] GET http://localhost:5173/style.css → 200 (1ms, 45794B)
[2026-04-18T07:21:37.847Z] GET https://unpkg.com/three@0.160.0/build/three.module.js → 200 (?ms, 1272972B)
[2026-04-18T07:21:37.850Z] GET https://fonts.gstatic.com/s/fraunces/v38/6NU58FyLNQOQZAnv9ZwNjucMHVn85Ni7emAe9lKqZTnbB-gzTK0K1ChjeveQ7ZXk8g.woff2 → 200 (?ms, ?B)
[2026-04-18T07:21:37.850Z] GET https://fonts.gstatic.com/s/fraunces/v38/6NU78FyLNQOQZAnv9bYEvDiIdE9Ea92uemAk_WBq8U_9v0c2Wa0KxC9TeP2Xz5c.woff2 → 200 (?ms, ?B)
[2026-04-18T07:21:37.850Z] GET https://fonts.gstatic.com/s/ibmplexsans/v23/zYXEKVElMYYaJe8bpLHnCwDKhdTEG46kmUZQCX598fQbM4jw8V78x9OWIhqbQ5g6voKE7-jfBVQ.woff2 → 200 (1ms, ?B)
[2026-04-18T07:21:37.851Z] GET https://fonts.gstatic.com/s/ibmplexsans/v23/zYXzKVElMYYaJe8bpLHnCwDKr932-G7dytD-Dmu1syxdKYbSB4ZhRNU.woff2 → 200 (?ms, ?B)
[2026-04-18T07:21:37.851Z] GET https://fonts.gstatic.com/s/ibmplexsans/v23/zYXzKVElMYYaJe8bpLHnCwDKr932-G7dytD-Dmu1syxeKYbSB4Zh.woff2 → 200 (?ms, ?B)
[2026-04-18T07:21:37.851Z] GET https://fonts.gstatic.com/s/jetbrainsmono/v24/tDba2o-flEEny0FZhsfKu5WU4xD-IQ-PuZJJXxfpAO-LfmOXmaKxggPBcV8.woff2 → 200 (?ms, ?B)
[2026-04-18T07:21:37.851Z] GET https://fonts.gstatic.com/s/jetbrainsmono/v24/tDbv2o-flEEny0FZhsfKu5WU4zr3E_BX0PnT8RD8yKwBNntkaToggR7BYRbKPxTcwgknk-6nFg.woff2 → 200 (1ms, ?B)
[2026-04-18T07:21:37.852Z] GET https://fonts.gstatic.com/s/jetbrainsmono/v24/tDbv2o-flEEny0FZhsfKu5WU4zr3E_BX0PnT8RD8yKwBNntkaToggR7BYRbKPxDcwgknk-4.woff2 → 200 (?ms, ?B)
[2026-04-18T07:21:52.495Z] GET http://localhost:5173/ → 200 (6ms, 6633B)
[2026-04-18T07:21:52.507Z] GET http://localhost:5173/@vite/client → 304 (2ms, ?B)
[2026-04-18T07:21:52.507Z] GET https://fonts.googleapis.com/css2?family=Fraunces:ital,opsz,wght@0,9..144,300..900;1,9..144,400..900&family=IBM+Plex+Sans:ital,wght@0,300;0,400;0,500;0,600;1,400&family=JetBrains+Mono:ital,wght@0,400;0,500;0,700;1,400&display=swap → 200 (?ms, 25510B)
[2026-04-18T07:21:52.507Z] GET http://localhost:5173/main.js → 304 (2ms, ?B)
[2026-04-18T07:21:52.509Z] GET http://localhost:5173/node_modules/vite/dist/client/env.mjs → 304 (1ms, ?B)
[2026-04-18T07:21:52.509Z] GET http://localhost:5173/style.css → 304 (2ms, ?B)
[2026-04-18T07:21:52.509Z] GET https://unpkg.com/three@0.160.0/build/three.module.js → 200 (1ms, 1272972B)
[2026-04-18T07:21:52.511Z] GET https://fonts.gstatic.com/s/fraunces/v38/6NU58FyLNQOQZAnv9ZwNjucMHVn85Ni7emAe9lKqZTnbB-gzTK0K1ChjeveQ7ZXk8g.woff2 → 200 (?ms, ?B)
[2026-04-18T07:21:52.511Z] GET https://fonts.gstatic.com/s/fraunces/v38/6NU78FyLNQOQZAnv9bYEvDiIdE9Ea92uemAk_WBq8U_9v0c2Wa0KxC9TeP2Xz5c.woff2 → 200 (?ms, ?B)
[2026-04-18T07:21:52.511Z] GET https://fonts.gstatic.com/s/ibmplexsans/v23/zYXEKVElMYYaJe8bpLHnCwDKhdTEG46kmUZQCX598fQbM4jw8V78x9OWIhqbQ5g6voKE7-jfBVQ.woff2 → 200 (?ms, ?B)
[2026-04-18T07:21:52.512Z] GET https://fonts.gstatic.com/s/ibmplexsans/v23/zYXzKVElMYYaJe8bpLHnCwDKr932-G7dytD-Dmu1syxdKYbSB4ZhRNU.woff2 → 200 (?ms, ?B)
[2026-04-18T07:21:52.512Z] GET https://fonts.gstatic.com/s/ibmplexsans/v23/zYXzKVElMYYaJe8bpLHnCwDKr932-G7dytD-Dmu1syxeKYbSB4Zh.woff2 → 200 (?ms, ?B)
[2026-04-18T07:21:52.512Z] GET https://fonts.gstatic.com/s/jetbrainsmono/v24/tDba2o-flEEny0FZhsfKu5WU4xD-IQ-PuZJJXxfpAO-LfmOXmaKxggPBcV8.woff2 → 200 (?ms, ?B)
[2026-04-18T07:21:52.513Z] GET https://fonts.gstatic.com/s/jetbrainsmono/v24/tDbv2o-flEEny0FZhsfKu5WU4zr3E_BX0PnT8RD8yKwBNntkaToggR7BYRbKPxTcwgknk-6nFg.woff2 → 200 (?ms, ?B)
[2026-04-18T07:21:52.513Z] GET https://fonts.gstatic.com/s/jetbrainsmono/v24/tDbv2o-flEEny0FZhsfKu5WU4zr3E_BX0PnT8RD8yKwBNntkaToggR7BYRbKPxDcwgknk-4.woff2 → 200 (?ms, ?B)
[2026-04-18T07:23:08.431Z] GET http://localhost:5173/ → 200 (6ms, 6571B)
[2026-04-18T07:23:08.447Z] GET http://localhost:5173/@vite/client → 200 (6ms, 178928B)
[2026-04-18T07:23:08.447Z] GET https://fonts.googleapis.com/css2?family=Fraunces:ital,opsz,wght@0,9..144,300..900;1,9..144,400..900&family=IBM+Plex+Sans:ital,wght@0,300;0,400;0,500;0,600;1,400&family=JetBrains+Mono:ital,wght@0,400;0,500;0,700;1,400&display=swap → 200 (3ms, 25510B)
[2026-04-18T07:23:08.453Z] GET http://localhost:5173/main.js → 200 (2ms, 261715B)
[2026-04-18T07:23:08.453Z] GET http://localhost:5173/node_modules/vite/dist/client/env.mjs → 200 (10ms, 3478B)
[2026-04-18T07:23:08.455Z] GET http://localhost:5173/style.css → 200 (9ms, 45794B)
[2026-04-18T07:23:08.455Z] GET https://unpkg.com/three@0.160.0/build/three.module.js → 200 (?ms, 1272972B)
[2026-04-18T07:23:08.465Z] GET https://fonts.gstatic.com/s/fraunces/v38/6NU58FyLNQOQZAnv9ZwNjucMHVn85Ni7emAe9lKqZTnbB-gzTK0K1ChjeveQ7ZXk8g.woff2 → 200 (7ms, ?B)
[2026-04-18T07:23:08.472Z] GET https://fonts.gstatic.com/s/fraunces/v38/6NU78FyLNQOQZAnv9bYEvDiIdE9Ea92uemAk_WBq8U_9v0c2Wa0KxC9TeP2Xz5c.woff2 → 200 (?ms, ?B)
[2026-04-18T07:23:08.472Z] GET https://fonts.gstatic.com/s/ibmplexsans/v23/zYXEKVElMYYaJe8bpLHnCwDKhdTEG46kmUZQCX598fQbM4jw8V78x9OWIhqbQ5g6voKE7-jfBVQ.woff2 → 200 (1ms, ?B)
[2026-04-18T07:23:08.473Z] GET https://fonts.gstatic.com/s/ibmplexsans/v23/zYXzKVElMYYaJe8bpLHnCwDKr932-G7dytD-Dmu1syxdKYbSB4ZhRNU.woff2 → 200 (?ms, ?B)
[2026-04-18T07:23:08.473Z] GET https://fonts.gstatic.com/s/ibmplexsans/v23/zYXzKVElMYYaJe8bpLHnCwDKr932-G7dytD-Dmu1syxeKYbSB4Zh.woff2 → 200 (1ms, ?B)
[2026-04-18T07:23:08.474Z] GET https://fonts.gstatic.com/s/jetbrainsmono/v24/tDba2o-flEEny0FZhsfKu5WU4xD-IQ-PuZJJXxfpAO-LfmOXmaKxggPBcV8.woff2 → 200 (?ms, ?B)
[2026-04-18T07:23:08.474Z] GET https://fonts.gstatic.com/s/jetbrainsmono/v24/tDbv2o-flEEny0FZhsfKu5WU4zr3E_BX0PnT8RD8yKwBNntkaToggR7BYRbKPxTcwgknk-6nFg.woff2 → 200 (1ms, ?B)
[2026-04-18T07:23:08.475Z] GET https://fonts.gstatic.com/s/jetbrainsmono/v24/tDbv2o-flEEny0FZhsfKu5WU4zr3E_BX0PnT8RD8yKwBNntkaToggR7BYRbKPxDcwgknk-4.woff2 → 200 (1ms, ?B)
[2026-04-18T07:23:15.871Z] GET http://localhost:5173/ → 200 (5ms, 6536B)
[2026-04-18T07:23:15.881Z] GET http://localhost:5173/@vite/client → 304 (27ms, ?B)
[2026-04-18T07:23:15.881Z] GET https://fonts.googleapis.com/css2?family=Fraunces:ital,opsz,wght@0,9..144,300..900;1,9..144,400..900&family=IBM+Plex+Sans:ital,wght@0,300;0,400;0,500;0,600;1,400&family=JetBrains+Mono:ital,wght@0,400;0,500;0,700;1,400&display=swap → 200 (?ms, 25510B)
[2026-04-18T07:23:15.882Z] GET http://localhost:5173/main.js → 304 (26ms, ?B)
[2026-04-18T07:23:15.901Z] GET https://fonts.gstatic.com/s/fraunces/v38/6NU58FyLNQOQZAnv9ZwNjucMHVn85Ni7emAe9lKqZTnbB-gzTK0K1ChjeveQ7ZXk8g.woff2 → 200 (?ms, ?B)
[2026-04-18T07:23:15.901Z] GET https://fonts.gstatic.com/s/fraunces/v38/6NU78FyLNQOQZAnv9bYEvDiIdE9Ea92uemAk_WBq8U_9v0c2Wa0KxC9TeP2Xz5c.woff2 → 200 (?ms, ?B)
[2026-04-18T07:23:15.903Z] GET https://fonts.gstatic.com/s/ibmplexsans/v23/zYXEKVElMYYaJe8bpLHnCwDKhdTEG46kmUZQCX598fQbM4jw8V78x9OWIhqbQ5g6voKE7-jfBVQ.woff2 → 200 (?ms, ?B)
[2026-04-18T07:23:15.903Z] GET https://fonts.gstatic.com/s/ibmplexsans/v23/zYXzKVElMYYaJe8bpLHnCwDKr932-G7dytD-Dmu1syxdKYbSB4ZhRNU.woff2 → 200 (?ms, ?B)
[2026-04-18T07:23:15.904Z] GET https://fonts.gstatic.com/s/ibmplexsans/v23/zYXzKVElMYYaJe8bpLHnCwDKr932-G7dytD-Dmu1syxeKYbSB4Zh.woff2 → 200 (?ms, ?B)
[2026-04-18T07:23:15.904Z] GET https://fonts.gstatic.com/s/jetbrainsmono/v24/tDba2o-flEEny0FZhsfKu5WU4xD-IQ-PuZJJXxfpAO-LfmOXmaKxggPBcV8.woff2 → 200 (?ms, ?B)
[2026-04-18T07:23:15.907Z] GET https://fonts.gstatic.com/s/jetbrainsmono/v24/tDbv2o-flEEny0FZhsfKu5WU4zr3E_BX0PnT8RD8yKwBNntkaToggR7BYRbKPxTcwgknk-6nFg.woff2 → 200 (?ms, ?B)
[2026-04-18T07:23:15.907Z] GET https://fonts.gstatic.com/s/jetbrainsmono/v24/tDbv2o-flEEny0FZhsfKu5WU4zr3E_BX0PnT8RD8yKwBNntkaToggR7BYRbKPxDcwgknk-4.woff2 → 200 (?ms, ?B)
[2026-04-18T07:23:15.910Z] GET http://localhost:5173/node_modules/vite/dist/client/env.mjs → 304 (?ms, ?B)
[2026-04-18T07:23:15.910Z] GET http://localhost:5173/style.css → 304 (1ms, ?B)
[2026-04-18T07:23:15.910Z] GET https://unpkg.com/three@0.160.0/build/three.module.js → 200 (?ms, 1272972B)
[2026-04-18T07:23:26.015Z] GET http://localhost:5173/ → 200 (4ms, 6306B)
[2026-04-18T07:23:26.023Z] GET http://localhost:5173/@vite/client → 304 (1ms, ?B)
[2026-04-18T07:23:26.023Z] GET https://fonts.googleapis.com/css2?family=Fraunces:ital,opsz,wght@0,9..144,300..900;1,9..144,400..900&family=IBM+Plex+Sans:ital,wght@0,300;0,400;0,500;0,600;1,400&family=JetBrains+Mono:ital,wght@0,400;0,500;0,700;1,400&display=swap → 200 (?ms, 25510B)
[2026-04-18T07:23:26.024Z] GET http://localhost:5173/main.js → 304 (1ms, ?B)
[2026-04-18T07:23:26.025Z] GET http://localhost:5173/node_modules/vite/dist/client/env.mjs → 304 (3ms, ?B)
[2026-04-18T07:23:26.025Z] GET http://localhost:5173/style.css → 304 (6ms, ?B)
[2026-04-18T07:23:26.025Z] GET https://unpkg.com/three@0.160.0/build/three.module.js → 200 (3ms, 1272972B)
[2026-04-18T07:23:26.039Z] GET https://fonts.gstatic.com/s/fraunces/v38/6NU58FyLNQOQZAnv9ZwNjucMHVn85Ni7emAe9lKqZTnbB-gzTK0K1ChjeveQ7ZXk8g.woff2 → 200 (?ms, ?B)
[2026-04-18T07:23:26.040Z] GET https://fonts.gstatic.com/s/fraunces/v38/6NU78FyLNQOQZAnv9bYEvDiIdE9Ea92uemAk_WBq8U_9v0c2Wa0KxC9TeP2Xz5c.woff2 → 200 (?ms, ?B)
[2026-04-18T07:23:26.043Z] GET https://fonts.gstatic.com/s/ibmplexsans/v23/zYXEKVElMYYaJe8bpLHnCwDKhdTEG46kmUZQCX598fQbM4jw8V78x9OWIhqbQ5g6voKE7-jfBVQ.woff2 → 200 (?ms, ?B)
[2026-04-18T07:23:26.043Z] GET https://fonts.gstatic.com/s/ibmplexsans/v23/zYXzKVElMYYaJe8bpLHnCwDKr932-G7dytD-Dmu1syxdKYbSB4ZhRNU.woff2 → 200 (?ms, ?B)
[2026-04-18T07:23:26.044Z] GET https://fonts.gstatic.com/s/ibmplexsans/v23/zYXzKVElMYYaJe8bpLHnCwDKr932-G7dytD-Dmu1syxeKYbSB4Zh.woff2 → 200 (?ms, ?B)
[2026-04-18T07:23:26.044Z] GET https://fonts.gstatic.com/s/jetbrainsmono/v24/tDba2o-flEEny0FZhsfKu5WU4xD-IQ-PuZJJXxfpAO-LfmOXmaKxggPBcV8.woff2 → 200 (?ms, ?B)
[2026-04-18T07:23:26.045Z] GET https://fonts.gstatic.com/s/jetbrainsmono/v24/tDbv2o-flEEny0FZhsfKu5WU4zr3E_BX0PnT8RD8yKwBNntkaToggR7BYRbKPxTcwgknk-6nFg.woff2 → 200 (?ms, ?B)
[2026-04-18T07:23:26.046Z] GET https://fonts.gstatic.com/s/jetbrainsmono/v24/tDbv2o-flEEny0FZhsfKu5WU4zr3E_BX0PnT8RD8yKwBNntkaToggR7BYRbKPxDcwgknk-4.woff2 → 200 (?ms, ?B)
[2026-04-18T07:23:32.954Z] GET http://localhost:5173/ → 200 (2ms, 6306B)
[2026-04-18T07:23:32.960Z] GET http://localhost:5173/@vite/client → 304 (2ms, ?B)
[2026-04-18T07:23:32.960Z] GET https://fonts.googleapis.com/css2?family=Fraunces:ital,opsz,wght@0,9..144,300..900;1,9..144,400..900&family=IBM+Plex+Sans:ital,wght@0,300;0,400;0,500;0,600;1,400&family=JetBrains+Mono:ital,wght@0,400;0,500;0,700;1,400&display=swap → 200 (?ms, 25510B)
[2026-04-18T07:23:32.962Z] GET http://localhost:5173/main.js → 304 (1ms, ?B)
[2026-04-18T07:23:32.963Z] GET http://localhost:5173/node_modules/vite/dist/client/env.mjs → 304 (4ms, ?B)
[2026-04-18T07:23:32.965Z] GET http://localhost:5173/style.css → 304 (2ms, ?B)
[2026-04-18T07:23:32.965Z] GET https://unpkg.com/three@0.160.0/build/three.module.js → 200 (?ms, 1272972B)
[2026-04-18T07:23:32.969Z] GET https://fonts.gstatic.com/s/fraunces/v38/6NU58FyLNQOQZAnv9ZwNjucMHVn85Ni7emAe9lKqZTnbB-gzTK0K1ChjeveQ7ZXk8g.woff2 → 200 (1ms, ?B)
[2026-04-18T07:23:32.970Z] GET https://fonts.gstatic.com/s/fraunces/v38/6NU78FyLNQOQZAnv9bYEvDiIdE9Ea92uemAk_WBq8U_9v0c2Wa0KxC9TeP2Xz5c.woff2 → 200 (?ms, ?B)
[2026-04-18T07:23:32.992Z] GET https://fonts.gstatic.com/s/ibmplexsans/v23/zYXEKVElMYYaJe8bpLHnCwDKhdTEG46kmUZQCX598fQbM4jw8V78x9OWIhqbQ5g6voKE7-jfBVQ.woff2 → 200 (1ms, ?B)
[2026-04-18T07:23:32.993Z] GET https://fonts.gstatic.com/s/ibmplexsans/v23/zYXzKVElMYYaJe8bpLHnCwDKr932-G7dytD-Dmu1syxdKYbSB4ZhRNU.woff2 → 200 (?ms, ?B)
[2026-04-18T07:23:33.027Z] GET https://fonts.gstatic.com/s/ibmplexsans/v23/zYXzKVElMYYaJe8bpLHnCwDKr932-G7dytD-Dmu1syxeKYbSB4Zh.woff2 → 200 (?ms, ?B)
[2026-04-18T07:23:33.027Z] GET https://fonts.gstatic.com/s/jetbrainsmono/v24/tDba2o-flEEny0FZhsfKu5WU4xD-IQ-PuZJJXxfpAO-LfmOXmaKxggPBcV8.woff2 → 200 (1ms, ?B)
[2026-04-18T07:23:33.036Z] GET https://fonts.gstatic.com/s/jetbrainsmono/v24/tDbv2o-flEEny0FZhsfKu5WU4zr3E_BX0PnT8RD8yKwBNntkaToggR7BYRbKPxTcwgknk-6nFg.woff2 → 200 (?ms, ?B)
[2026-04-18T07:23:33.036Z] GET https://fonts.gstatic.com/s/jetbrainsmono/v24/tDbv2o-flEEny0FZhsfKu5WU4zr3E_BX0PnT8RD8yKwBNntkaToggR7BYRbKPxDcwgknk-4.woff2 → 200 (?ms, ?B)
[2026-04-18T07:23:40.386Z] GET http://localhost:5173/style.css?t=1776497020379 → 200 (23ms, 45789B)
[2026-04-18T07:23:46.682Z] GET http://localhost:5173/style.css?t=1776497026681 → 200 (8ms, 45808B)
[2026-04-18T07:23:55.390Z] GET http://localhost:5173/style.css?t=1776497035388 → 200 (7ms, 45478B)
[2026-04-18T07:24:02.386Z] GET http://localhost:5173/style.css?t=1776497042384 → 200 (4ms, 45472B)
[2026-04-18T07:24:09.066Z] GET http://localhost:5173/style.css?t=1776497049064 → 200 (8ms, 45461B)
[2026-04-18T07:24:16.632Z] GET http://localhost:5173/style.css?t=1776497056631 → 200 (6ms, 45397B)
[2026-04-18T07:24:29.157Z] GET http://localhost:5173/style.css?t=1776497069156 → 200 (4ms, 45185B)
[2026-04-18T07:24:37.414Z] GET http://localhost:5173/ → 200 (4ms, 6322B)
[2026-04-18T07:24:37.421Z] GET http://localhost:5173/@vite/client → 200 (9ms, 178928B)
[2026-04-18T07:24:37.421Z] GET https://fonts.googleapis.com/css2?family=Fraunces:ital,opsz,wght@0,9..144,300..900;1,9..144,400..900&family=IBM+Plex+Sans:ital,wght@0,300;0,400;0,500;0,600;1,400&family=JetBrains+Mono:ital,wght@0,400;0,500;0,700;1,400&display=swap → 200 (?ms, 25510B)
[2026-04-18T07:24:37.421Z] GET http://localhost:5173/main.js?t=1776497077391 → 200 (7ms, 260869B)
[2026-04-18T07:24:37.429Z] GET http://localhost:5173/style.css?t=1776497069156 → 304 (1ms, ?B)
[2026-04-18T07:24:37.431Z] GET http://localhost:5173/node_modules/vite/dist/client/env.mjs → 200 (3ms, 3478B)
[2026-04-18T07:24:37.435Z] GET https://fonts.gstatic.com/s/fraunces/v38/6NU58FyLNQOQZAnv9ZwNjucMHVn85Ni7emAe9lKqZTnbB-gzTK0K1ChjeveQ7ZXk8g.woff2 → 200 (?ms, ?B)
[2026-04-18T07:24:37.435Z] GET https://fonts.gstatic.com/s/fraunces/v38/6NU78FyLNQOQZAnv9bYEvDiIdE9Ea92uemAk_WBq8U_9v0c2Wa0KxC9TeP2Xz5c.woff2 → 200 (1ms, ?B)
[2026-04-18T07:24:37.436Z] GET https://fonts.gstatic.com/s/ibmplexsans/v23/zYXEKVElMYYaJe8bpLHnCwDKhdTEG46kmUZQCX598fQbM4jw8V78x9OWIhqbQ5g6voKE7-jfBVQ.woff2 → 200 (?ms, ?B)
[2026-04-18T07:24:37.436Z] GET https://fonts.gstatic.com/s/ibmplexsans/v23/zYXzKVElMYYaJe8bpLHnCwDKr932-G7dytD-Dmu1syxdKYbSB4ZhRNU.woff2 → 200 (?ms, ?B)
[2026-04-18T07:24:37.436Z] GET https://fonts.gstatic.com/s/ibmplexsans/v23/zYXzKVElMYYaJe8bpLHnCwDKr932-G7dytD-Dmu1syxeKYbSB4Zh.woff2 → 200 (?ms, ?B)
[2026-04-18T07:24:37.436Z] GET https://fonts.gstatic.com/s/jetbrainsmono/v24/tDba2o-flEEny0FZhsfKu5WU4xD-IQ-PuZJJXxfpAO-LfmOXmaKxggPBcV8.woff2 → 200 (1ms, ?B)
[2026-04-18T07:24:37.437Z] GET https://fonts.gstatic.com/s/jetbrainsmono/v24/tDbv2o-flEEny0FZhsfKu5WU4zr3E_BX0PnT8RD8yKwBNntkaToggR7BYRbKPxTcwgknk-6nFg.woff2 → 200 (?ms, ?B)
[2026-04-18T07:24:37.438Z] GET https://fonts.gstatic.com/s/jetbrainsmono/v24/tDbv2o-flEEny0FZhsfKu5WU4zr3E_BX0PnT8RD8yKwBNntkaToggR7BYRbKPxDcwgknk-4.woff2 → 200 (1ms, ?B)
[2026-04-18T07:24:44.818Z] GET http://localhost:5173/ → 200 (3ms, 6322B)
[2026-04-18T07:24:44.823Z] GET http://localhost:5173/@vite/client → 304 (6ms, ?B)
[2026-04-18T07:24:44.823Z] GET https://fonts.googleapis.com/css2?family=Fraunces:ital,opsz,wght@0,9..144,300..900;1,9..144,400..900&family=IBM+Plex+Sans:ital,wght@0,300;0,400;0,500;0,600;1,400&family=JetBrains+Mono:ital,wght@0,400;0,500;0,700;1,400&display=swap → 200 (1ms, 25510B)
[2026-04-18T07:24:44.824Z] GET http://localhost:5173/main.js?t=1776497084797 → 200 (6ms, 259803B)
[2026-04-18T07:24:44.830Z] GET http://localhost:5173/node_modules/vite/dist/client/env.mjs → 304 (?ms, ?B)
[2026-04-18T07:24:44.830Z] GET http://localhost:5173/style.css?t=1776497069156 → 304 (5ms, ?B)
[2026-04-18T07:24:44.833Z] GET https://fonts.gstatic.com/s/fraunces/v38/6NU58FyLNQOQZAnv9ZwNjucMHVn85Ni7emAe9lKqZTnbB-gzTK0K1ChjeveQ7ZXk8g.woff2 → 200 (?ms, ?B)
[2026-04-18T07:24:44.834Z] GET https://fonts.gstatic.com/s/fraunces/v38/6NU78FyLNQOQZAnv9bYEvDiIdE9Ea92uemAk_WBq8U_9v0c2Wa0KxC9TeP2Xz5c.woff2 → 200 (?ms, ?B)
[2026-04-18T07:24:44.834Z] GET https://fonts.gstatic.com/s/ibmplexsans/v23/zYXEKVElMYYaJe8bpLHnCwDKhdTEG46kmUZQCX598fQbM4jw8V78x9OWIhqbQ5g6voKE7-jfBVQ.woff2 → 200 (?ms, ?B)
[2026-04-18T07:24:44.834Z] GET https://fonts.gstatic.com/s/ibmplexsans/v23/zYXzKVElMYYaJe8bpLHnCwDKr932-G7dytD-Dmu1syxdKYbSB4ZhRNU.woff2 → 200 (?ms, ?B)
[2026-04-18T07:24:44.834Z] GET https://fonts.gstatic.com/s/ibmplexsans/v23/zYXzKVElMYYaJe8bpLHnCwDKr932-G7dytD-Dmu1syxeKYbSB4Zh.woff2 → 200 (?ms, ?B)
[2026-04-18T07:24:44.834Z] GET https://fonts.gstatic.com/s/jetbrainsmono/v24/tDba2o-flEEny0FZhsfKu5WU4xD-IQ-PuZJJXxfpAO-LfmOXmaKxggPBcV8.woff2 → 200 (?ms, ?B)
[2026-04-18T07:24:44.834Z] GET https://fonts.gstatic.com/s/jetbrainsmono/v24/tDbv2o-flEEny0FZhsfKu5WU4zr3E_BX0PnT8RD8yKwBNntkaToggR7BYRbKPxTcwgknk-6nFg.woff2 → 200 (1ms, ?B)
[2026-04-18T07:24:44.835Z] GET https://fonts.gstatic.com/s/jetbrainsmono/v24/tDbv2o-flEEny0FZhsfKu5WU4zr3E_BX0PnT8RD8yKwBNntkaToggR7BYRbKPxDcwgknk-4.woff2 → 200 (?ms, ?B)
[2026-04-18T07:24:53.169Z] GET http://localhost:5173/ → 200 (3ms, 6322B)
[2026-04-18T07:24:53.175Z] GET http://localhost:5173/@vite/client → 304 (22ms, ?B)
[2026-04-18T07:24:53.175Z] GET https://fonts.googleapis.com/css2?family=Fraunces:ital,opsz,wght@0,9..144,300..900;1,9..144,400..900&family=IBM+Plex+Sans:ital,wght@0,300;0,400;0,500;0,600;1,400&family=JetBrains+Mono:ital,wght@0,400;0,500;0,700;1,400&display=swap → 200 (?ms, 25510B)
[2026-04-18T07:24:53.175Z] GET http://localhost:5173/main.js?t=1776497093148 → 200 (22ms, 259289B)
[2026-04-18T07:24:53.183Z] GET https://fonts.gstatic.com/s/fraunces/v38/6NU58FyLNQOQZAnv9ZwNjucMHVn85Ni7emAe9lKqZTnbB-gzTK0K1ChjeveQ7ZXk8g.woff2 → 200 (?ms, ?B)
[2026-04-18T07:24:53.184Z] GET https://fonts.gstatic.com/s/fraunces/v38/6NU78FyLNQOQZAnv9bYEvDiIdE9Ea92uemAk_WBq8U_9v0c2Wa0KxC9TeP2Xz5c.woff2 → 200 (?ms, ?B)
[2026-04-18T07:24:53.185Z] GET https://fonts.gstatic.com/s/ibmplexsans/v23/zYXEKVElMYYaJe8bpLHnCwDKhdTEG46kmUZQCX598fQbM4jw8V78x9OWIhqbQ5g6voKE7-jfBVQ.woff2 → 200 (?ms, ?B)
[2026-04-18T07:24:53.186Z] GET https://fonts.gstatic.com/s/ibmplexsans/v23/zYXzKVElMYYaJe8bpLHnCwDKr932-G7dytD-Dmu1syxdKYbSB4ZhRNU.woff2 → 200 (?ms, ?B)
[2026-04-18T07:24:53.191Z] GET https://fonts.gstatic.com/s/ibmplexsans/v23/zYXzKVElMYYaJe8bpLHnCwDKr932-G7dytD-Dmu1syxeKYbSB4Zh.woff2 → 200 (?ms, ?B)
[2026-04-18T07:24:53.191Z] GET https://fonts.gstatic.com/s/jetbrainsmono/v24/tDba2o-flEEny0FZhsfKu5WU4xD-IQ-PuZJJXxfpAO-LfmOXmaKxggPBcV8.woff2 → 200 (?ms, ?B)
[2026-04-18T07:24:53.194Z] GET https://fonts.gstatic.com/s/jetbrainsmono/v24/tDbv2o-flEEny0FZhsfKu5WU4zr3E_BX0PnT8RD8yKwBNntkaToggR7BYRbKPxTcwgknk-6nFg.woff2 → 200 (1ms, ?B)
[2026-04-18T07:24:53.195Z] GET https://fonts.gstatic.com/s/jetbrainsmono/v24/tDbv2o-flEEny0FZhsfKu5WU4zr3E_BX0PnT8RD8yKwBNntkaToggR7BYRbKPxDcwgknk-4.woff2 → 200 (?ms, ?B)
[2026-04-18T07:24:53.197Z] GET http://localhost:5173/style.css?t=1776497069156 → 304 (2ms, ?B)
[2026-04-18T07:24:53.197Z] GET http://localhost:5173/node_modules/vite/dist/client/env.mjs → 304 (2ms, ?B)
[2026-04-18T07:25:03.558Z] GET http://localhost:5173/ → 200 (3ms, 6322B)
[2026-04-18T07:25:03.564Z] GET http://localhost:5173/@vite/client → 304 (6ms, ?B)
[2026-04-18T07:25:03.564Z] GET https://fonts.googleapis.com/css2?family=Fraunces:ital,opsz,wght@0,9..144,300..900;1,9..144,400..900&family=IBM+Plex+Sans:ital,wght@0,300;0,400;0,500;0,600;1,400&family=JetBrains+Mono:ital,wght@0,400;0,500;0,700;1,400&display=swap → 200 (?ms, 25510B)
[2026-04-18T07:25:03.564Z] GET http://localhost:5173/main.js?t=1776497103536 → 200 (8ms, 259067B)
[2026-04-18T07:25:03.571Z] GET http://localhost:5173/node_modules/vite/dist/client/env.mjs → 304 (11ms, ?B)
[2026-04-18T07:25:03.572Z] GET http://localhost:5173/style.css?t=1776497069156 → 304 (10ms, ?B)
[2026-04-18T07:25:03.582Z] GET https://fonts.gstatic.com/s/fraunces/v38/6NU58FyLNQOQZAnv9ZwNjucMHVn85Ni7emAe9lKqZTnbB-gzTK0K1ChjeveQ7ZXk8g.woff2 → 200 (1ms, ?B)
[2026-04-18T07:25:03.583Z] GET https://fonts.gstatic.com/s/fraunces/v38/6NU78FyLNQOQZAnv9bYEvDiIdE9Ea92uemAk_WBq8U_9v0c2Wa0KxC9TeP2Xz5c.woff2 → 200 (1ms, ?B)
[2026-04-18T07:25:03.584Z] GET https://fonts.gstatic.com/s/ibmplexsans/v23/zYXEKVElMYYaJe8bpLHnCwDKhdTEG46kmUZQCX598fQbM4jw8V78x9OWIhqbQ5g6voKE7-jfBVQ.woff2 → 200 (1ms, ?B)
[2026-04-18T07:25:03.586Z] GET https://fonts.gstatic.com/s/ibmplexsans/v23/zYXzKVElMYYaJe8bpLHnCwDKr932-G7dytD-Dmu1syxdKYbSB4ZhRNU.woff2 → 200 (?ms, ?B)
[2026-04-18T07:25:03.586Z] GET https://fonts.gstatic.com/s/ibmplexsans/v23/zYXzKVElMYYaJe8bpLHnCwDKr932-G7dytD-Dmu1syxeKYbSB4Zh.woff2 → 200 (1ms, ?B)
[2026-04-18T07:25:03.587Z] GET https://fonts.gstatic.com/s/jetbrainsmono/v24/tDba2o-flEEny0FZhsfKu5WU4xD-IQ-PuZJJXxfpAO-LfmOXmaKxggPBcV8.woff2 → 200 (?ms, ?B)
[2026-04-18T07:25:03.588Z] GET https://fonts.gstatic.com/s/jetbrainsmono/v24/tDbv2o-flEEny0FZhsfKu5WU4zr3E_BX0PnT8RD8yKwBNntkaToggR7BYRbKPxTcwgknk-6nFg.woff2 → 200 (4ms, ?B)
[2026-04-18T07:25:03.593Z] GET https://fonts.gstatic.com/s/jetbrainsmono/v24/tDbv2o-flEEny0FZhsfKu5WU4zr3E_BX0PnT8RD8yKwBNntkaToggR7BYRbKPxDcwgknk-4.woff2 → 200 (?ms, ?B)
[2026-04-18T07:25:57.153Z] GET http://localhost:5173/ → 200 (3ms, 6322B)
[2026-04-18T07:25:57.159Z] GET http://localhost:5173/@vite/client → 200 (8ms, 178928B)
[2026-04-18T07:25:57.159Z] GET https://fonts.googleapis.com/css2?family=Fraunces:ital,opsz,wght@0,9..144,300..900;1,9..144,400..900&family=IBM+Plex+Sans:ital,wght@0,300;0,400;0,500;0,600;1,400&family=JetBrains+Mono:ital,wght@0,400;0,500;0,700;1,400&display=swap → 200 (?ms, 25510B)
[2026-04-18T07:25:57.160Z] GET http://localhost:5173/main.js?t=1776497157131 → 200 (7ms, 205478B)
[2026-04-18T07:25:57.164Z] GET https://fonts.gstatic.com/s/fraunces/v38/6NU58FyLNQOQZAnv9ZwNjucMHVn85Ni7emAe9lKqZTnbB-gzTK0K1ChjeveQ7ZXk8g.woff2 → 200 (1ms, ?B)
[2026-04-18T07:25:57.165Z] GET https://fonts.gstatic.com/s/fraunces/v38/6NU78FyLNQOQZAnv9bYEvDiIdE9Ea92uemAk_WBq8U_9v0c2Wa0KxC9TeP2Xz5c.woff2 → 200 (?ms, ?B)
[2026-04-18T07:25:57.165Z] GET https://fonts.gstatic.com/s/ibmplexsans/v23/zYXEKVElMYYaJe8bpLHnCwDKhdTEG46kmUZQCX598fQbM4jw8V78x9OWIhqbQ5g6voKE7-jfBVQ.woff2 → 200 (?ms, ?B)
[2026-04-18T07:25:57.165Z] GET https://fonts.gstatic.com/s/ibmplexsans/v23/zYXzKVElMYYaJe8bpLHnCwDKr932-G7dytD-Dmu1syxdKYbSB4ZhRNU.woff2 → 200 (1ms, ?B)
[2026-04-18T07:25:57.166Z] GET https://fonts.gstatic.com/s/ibmplexsans/v23/zYXzKVElMYYaJe8bpLHnCwDKr932-G7dytD-Dmu1syxeKYbSB4Zh.woff2 → 200 (?ms, ?B)
[2026-04-18T07:25:57.166Z] GET https://fonts.gstatic.com/s/jetbrainsmono/v24/tDba2o-flEEny0FZhsfKu5WU4xD-IQ-PuZJJXxfpAO-LfmOXmaKxggPBcV8.woff2 → 200 (?ms, ?B)
[2026-04-18T07:25:57.166Z] GET https://fonts.gstatic.com/s/jetbrainsmono/v24/tDbv2o-flEEny0FZhsfKu5WU4zr3E_BX0PnT8RD8yKwBNntkaToggR7BYRbKPxTcwgknk-6nFg.woff2 → 200 (1ms, ?B)
[2026-04-18T07:25:57.167Z] GET https://fonts.gstatic.com/s/jetbrainsmono/v24/tDbv2o-flEEny0FZhsfKu5WU4zr3E_BX0PnT8RD8yKwBNntkaToggR7BYRbKPxDcwgknk-4.woff2 → 200 (?ms, ?B)
[2026-04-18T07:25:57.167Z] GET http://localhost:5173/style.css?t=1776497069156 → 200 (3ms, 45185B)
[2026-04-18T07:25:57.167Z] GET http://localhost:5173/node_modules/vite/dist/client/env.mjs → 200 (3ms, 3478B)
[2026-04-18T07:26:32.528Z] GET http://localhost:5173/ → 200 (4ms, 6322B)
[2026-04-18T07:26:32.537Z] GET http://localhost:5173/@vite/client → 200 (1ms, 178928B)
[2026-04-18T07:26:32.537Z] GET https://fonts.googleapis.com/css2?family=Fraunces:ital,opsz,wght@0,9..144,300..900;1,9..144,400..900&family=IBM+Plex+Sans:ital,wght@0,300;0,400;0,500;0,600;1,400&family=JetBrains+Mono:ital,wght@0,400;0,500;0,700;1,400&display=swap → 200 (1ms, 25510B)
[2026-04-18T07:26:32.538Z] GET http://localhost:5173/main.js?t=1776497157131 → 200 (?ms, 205478B)
[2026-04-18T07:26:32.538Z] GET http://localhost:5173/node_modules/vite/dist/client/env.mjs → 200 (1ms, 3478B)
[2026-04-18T07:26:32.539Z] GET http://localhost:5173/style.css?t=1776497069156 → 200 (?ms, 45185B)
[2026-04-18T07:26:32.540Z] GET https://fonts.gstatic.com/s/fraunces/v38/6NU58FyLNQOQZAnv9ZwNjucMHVn85Ni7emAe9lKqZTnbB-gzTK0K1ChjeveQ7ZXk8g.woff2 → 200 (?ms, ?B)
[2026-04-18T07:26:32.540Z] GET https://fonts.gstatic.com/s/fraunces/v38/6NU78FyLNQOQZAnv9bYEvDiIdE9Ea92uemAk_WBq8U_9v0c2Wa0KxC9TeP2Xz5c.woff2 → 200 (?ms, ?B)
[2026-04-18T07:26:32.540Z] GET https://fonts.gstatic.com/s/ibmplexsans/v23/zYXEKVElMYYaJe8bpLHnCwDKhdTEG46kmUZQCX598fQbM4jw8V78x9OWIhqbQ5g6voKE7-jfBVQ.woff2 → 200 (?ms, ?B)
[2026-04-18T07:26:32.540Z] GET https://fonts.gstatic.com/s/ibmplexsans/v23/zYXzKVElMYYaJe8bpLHnCwDKr932-G7dytD-Dmu1syxdKYbSB4ZhRNU.woff2 → 200 (?ms, ?B)
[2026-04-18T07:26:32.541Z] GET https://fonts.gstatic.com/s/ibmplexsans/v23/zYXzKVElMYYaJe8bpLHnCwDKr932-G7dytD-Dmu1syxeKYbSB4Zh.woff2 → 200 (?ms, ?B)
[2026-04-18T07:26:32.541Z] GET https://fonts.gstatic.com/s/jetbrainsmono/v24/tDba2o-flEEny0FZhsfKu5WU4xD-IQ-PuZJJXxfpAO-LfmOXmaKxggPBcV8.woff2 → 200 (?ms, ?B)
[2026-04-18T07:26:32.541Z] GET https://fonts.gstatic.com/s/jetbrainsmono/v24/tDbv2o-flEEny0FZhsfKu5WU4zr3E_BX0PnT8RD8yKwBNntkaToggR7BYRbKPxTcwgknk-6nFg.woff2 → 200 (?ms, ?B)
[2026-04-18T07:26:32.541Z] GET https://fonts.gstatic.com/s/jetbrainsmono/v24/tDbv2o-flEEny0FZhsfKu5WU4zr3E_BX0PnT8RD8yKwBNntkaToggR7BYRbKPxDcwgknk-4.woff2 → 200 (?ms, ?B)
[2026-04-18T07:29:36.217Z] GET http://localhost:5173/ → 200 (3ms, 6242B)
[2026-04-18T07:29:36.223Z] GET http://localhost:5173/@vite/client → 200 (3ms, 178928B)
[2026-04-18T07:29:36.223Z] GET https://fonts.googleapis.com/css2?family=Fraunces:ital,opsz,wght@0,9..144,300..900;1,9..144,400..900&family=IBM+Plex+Sans:ital,wght@0,300;0,400;0,500;0,600;1,400&family=JetBrains+Mono:ital,wght@0,400;0,500;0,700;1,400&display=swap → 200 (1ms, 25510B)
[2026-04-18T07:29:36.225Z] GET http://localhost:5173/main.js?t=1776497157131 → 200 (1ms, 205478B)
[2026-04-18T07:29:36.226Z] GET http://localhost:5173/node_modules/vite/dist/client/env.mjs → 200 (?ms, 3478B)
[2026-04-18T07:29:36.226Z] GET http://localhost:5173/style.css?t=1776497069156 → 200 (?ms, 45185B)
[2026-04-18T07:29:36.227Z] GET https://fonts.gstatic.com/s/fraunces/v38/6NU58FyLNQOQZAnv9ZwNjucMHVn85Ni7emAe9lKqZTnbB-gzTK0K1ChjeveQ7ZXk8g.woff2 → 200 (?ms, ?B)
[2026-04-18T07:29:36.227Z] GET https://fonts.gstatic.com/s/fraunces/v38/6NU78FyLNQOQZAnv9bYEvDiIdE9Ea92uemAk_WBq8U_9v0c2Wa0KxC9TeP2Xz5c.woff2 → 200 (?ms, ?B)
[2026-04-18T07:29:36.228Z] GET https://fonts.gstatic.com/s/ibmplexsans/v23/zYXEKVElMYYaJe8bpLHnCwDKhdTEG46kmUZQCX598fQbM4jw8V78x9OWIhqbQ5g6voKE7-jfBVQ.woff2 → 200 (?ms, ?B)
[2026-04-18T07:29:36.228Z] GET https://fonts.gstatic.com/s/ibmplexsans/v23/zYXzKVElMYYaJe8bpLHnCwDKr932-G7dytD-Dmu1syxdKYbSB4ZhRNU.woff2 → 200 (?ms, ?B)
[2026-04-18T07:29:36.231Z] GET https://fonts.gstatic.com/s/ibmplexsans/v23/zYXzKVElMYYaJe8bpLHnCwDKr932-G7dytD-Dmu1syxeKYbSB4Zh.woff2 → 200 (?ms, ?B)
[2026-04-18T07:29:36.231Z] GET https://fonts.gstatic.com/s/jetbrainsmono/v24/tDba2o-flEEny0FZhsfKu5WU4xD-IQ-PuZJJXxfpAO-LfmOXmaKxggPBcV8.woff2 → 200 (?ms, ?B)
[2026-04-18T07:29:36.231Z] GET https://fonts.gstatic.com/s/jetbrainsmono/v24/tDbv2o-flEEny0FZhsfKu5WU4zr3E_BX0PnT8RD8yKwBNntkaToggR7BYRbKPxTcwgknk-6nFg.woff2 → 200 (?ms, ?B)
[2026-04-18T07:29:36.232Z] GET https://fonts.gstatic.com/s/jetbrainsmono/v24/tDbv2o-flEEny0FZhsfKu5WU4zr3E_BX0PnT8RD8yKwBNntkaToggR7BYRbKPxDcwgknk-4.woff2 → 200 (?ms, ?B)
[2026-04-18T07:29:40.359Z] GET http://localhost:5173/ → 200 (1ms, 6169B)
[2026-04-18T07:29:40.363Z] GET http://localhost:5173/@vite/client → 304 (1ms, ?B)
[2026-04-18T07:29:40.363Z] GET https://fonts.googleapis.com/css2?family=Fraunces:ital,opsz,wght@0,9..144,300..900;1,9..144,400..900&family=IBM+Plex+Sans:ital,wght@0,300;0,400;0,500;0,600;1,400&family=JetBrains+Mono:ital,wght@0,400;0,500;0,700;1,400&display=swap → 200 (?ms, 25510B)
[2026-04-18T07:29:40.363Z] GET http://localhost:5173/main.js?t=1776497157131 → 304 (1ms, ?B)
[2026-04-18T07:29:40.364Z] GET http://localhost:5173/node_modules/vite/dist/client/env.mjs → 304 (1ms, ?B)
[2026-04-18T07:29:40.364Z] GET http://localhost:5173/style.css?t=1776497069156 → 304 (1ms, ?B)
[2026-04-18T07:29:40.366Z] GET https://fonts.gstatic.com/s/fraunces/v38/6NU58FyLNQOQZAnv9ZwNjucMHVn85Ni7emAe9lKqZTnbB-gzTK0K1ChjeveQ7ZXk8g.woff2 → 200 (?ms, ?B)
[2026-04-18T07:29:40.366Z] GET https://fonts.gstatic.com/s/fraunces/v38/6NU78FyLNQOQZAnv9bYEvDiIdE9Ea92uemAk_WBq8U_9v0c2Wa0KxC9TeP2Xz5c.woff2 → 200 (?ms, ?B)
[2026-04-18T07:29:40.366Z] GET https://fonts.gstatic.com/s/ibmplexsans/v23/zYXEKVElMYYaJe8bpLHnCwDKhdTEG46kmUZQCX598fQbM4jw8V78x9OWIhqbQ5g6voKE7-jfBVQ.woff2 → 200 (?ms, ?B)
[2026-04-18T07:29:40.366Z] GET https://fonts.gstatic.com/s/ibmplexsans/v23/zYXzKVElMYYaJe8bpLHnCwDKr932-G7dytD-Dmu1syxdKYbSB4ZhRNU.woff2 → 200 (?ms, ?B)
[2026-04-18T07:29:40.366Z] GET https://fonts.gstatic.com/s/ibmplexsans/v23/zYXzKVElMYYaJe8bpLHnCwDKr932-G7dytD-Dmu1syxeKYbSB4Zh.woff2 → 200 (?ms, ?B)
[2026-04-18T07:29:40.366Z] GET https://fonts.gstatic.com/s/jetbrainsmono/v24/tDba2o-flEEny0FZhsfKu5WU4xD-IQ-PuZJJXxfpAO-LfmOXmaKxggPBcV8.woff2 → 200 (?ms, ?B)
[2026-04-18T07:29:40.366Z] GET https://fonts.gstatic.com/s/jetbrainsmono/v24/tDbv2o-flEEny0FZhsfKu5WU4zr3E_BX0PnT8RD8yKwBNntkaToggR7BYRbKPxTcwgknk-6nFg.woff2 → 200 (?ms, ?B)
[2026-04-18T07:29:40.366Z] GET https://fonts.gstatic.com/s/jetbrainsmono/v24/tDbv2o-flEEny0FZhsfKu5WU4zr3E_BX0PnT8RD8yKwBNntkaToggR7BYRbKPxDcwgknk-4.woff2 → 200 (?ms, ?B)
[2026-04-18T07:29:49.550Z] GET http://localhost:5173/ → 200 (3ms, 4549B)
[2026-04-18T07:29:49.557Z] GET http://localhost:5173/@vite/client → 304 (?ms, ?B)
[2026-04-18T07:29:49.557Z] GET https://fonts.googleapis.com/css2?family=Fraunces:ital,opsz,wght@0,9..144,300..900;1,9..144,400..900&family=IBM+Plex+Sans:ital,wght@0,300;0,400;0,500;0,600;1,400&family=JetBrains+Mono:ital,wght@0,400;0,500;0,700;1,400&display=swap → 200 (?ms, 25510B)
[2026-04-18T07:29:49.557Z] GET http://localhost:5173/main.js?t=1776497157131 → 304 (?ms, ?B)
[2026-04-18T07:29:49.558Z] GET http://localhost:5173/node_modules/vite/dist/client/env.mjs → 304 (?ms, ?B)
[2026-04-18T07:29:49.558Z] GET http://localhost:5173/style.css?t=1776497069156 → 304 (1ms, ?B)
[2026-04-18T07:29:49.561Z] GET https://fonts.gstatic.com/s/fraunces/v38/6NU58FyLNQOQZAnv9ZwNjucMHVn85Ni7emAe9lKqZTnbB-gzTK0K1ChjeveQ7ZXk8g.woff2 → 200 (?ms, ?B)
[2026-04-18T07:29:49.561Z] GET https://fonts.gstatic.com/s/fraunces/v38/6NU78FyLNQOQZAnv9bYEvDiIdE9Ea92uemAk_WBq8U_9v0c2Wa0KxC9TeP2Xz5c.woff2 → 200 (?ms, ?B)
[2026-04-18T07:29:49.561Z] GET https://fonts.gstatic.com/s/ibmplexsans/v23/zYXEKVElMYYaJe8bpLHnCwDKhdTEG46kmUZQCX598fQbM4jw8V78x9OWIhqbQ5g6voKE7-jfBVQ.woff2 → 200 (?ms, ?B)
[2026-04-18T07:29:49.561Z] GET https://fonts.gstatic.com/s/ibmplexsans/v23/zYXzKVElMYYaJe8bpLHnCwDKr932-G7dytD-Dmu1syxdKYbSB4ZhRNU.woff2 → 200 (?ms, ?B)
[2026-04-18T07:29:49.561Z] GET https://fonts.gstatic.com/s/ibmplexsans/v23/zYXzKVElMYYaJe8bpLHnCwDKr932-G7dytD-Dmu1syxeKYbSB4Zh.woff2 → 200 (1ms, ?B)
[2026-04-18T07:29:49.562Z] GET https://fonts.gstatic.com/s/jetbrainsmono/v24/tDba2o-flEEny0FZhsfKu5WU4xD-IQ-PuZJJXxfpAO-LfmOXmaKxggPBcV8.woff2 → 200 (?ms, ?B)
[2026-04-18T07:29:49.562Z] GET https://fonts.gstatic.com/s/jetbrainsmono/v24/tDbv2o-flEEny0FZhsfKu5WU4zr3E_BX0PnT8RD8yKwBNntkaToggR7BYRbKPxTcwgknk-6nFg.woff2 → 200 (2ms, ?B)
[2026-04-18T07:29:49.564Z] GET https://fonts.gstatic.com/s/jetbrainsmono/v24/tDbv2o-flEEny0FZhsfKu5WU4zr3E_BX0PnT8RD8yKwBNntkaToggR7BYRbKPxDcwgknk-4.woff2 → 200 (?ms, ?B)
[2026-04-18T07:29:54.927Z] GET http://localhost:5173/ → 200 (4ms, 4549B)
[2026-04-18T07:29:54.935Z] GET http://localhost:5173/@vite/client → 304 (5ms, ?B)
[2026-04-18T07:29:54.935Z] GET https://fonts.googleapis.com/css2?family=Fraunces:ital,opsz,wght@0,9..144,300..900;1,9..144,400..900&family=IBM+Plex+Sans:ital,wght@0,300;0,400;0,500;0,600;1,400&family=JetBrains+Mono:ital,wght@0,400;0,500;0,700;1,400&display=swap → 200 (?ms, 25510B)
[2026-04-18T07:29:54.936Z] GET http://localhost:5173/main.js?t=1776497394904 → 200 (6ms, 204914B)
[2026-04-18T07:29:54.941Z] GET http://localhost:5173/node_modules/vite/dist/client/env.mjs → 304 (?ms, ?B)
[2026-04-18T07:29:54.942Z] GET http://localhost:5173/style.css?t=1776497069156 → 304 (1ms, ?B)
[2026-04-18T07:29:54.945Z] GET https://fonts.gstatic.com/s/fraunces/v38/6NU58FyLNQOQZAnv9ZwNjucMHVn85Ni7emAe9lKqZTnbB-gzTK0K1ChjeveQ7ZXk8g.woff2 → 200 (?ms, ?B)
[2026-04-18T07:29:54.945Z] GET https://fonts.gstatic.com/s/fraunces/v38/6NU78FyLNQOQZAnv9bYEvDiIdE9Ea92uemAk_WBq8U_9v0c2Wa0KxC9TeP2Xz5c.woff2 → 200 (?ms, ?B)
[2026-04-18T07:29:54.945Z] GET https://fonts.gstatic.com/s/ibmplexsans/v23/zYXEKVElMYYaJe8bpLHnCwDKhdTEG46kmUZQCX598fQbM4jw8V78x9OWIhqbQ5g6voKE7-jfBVQ.woff2 → 200 (1ms, ?B)
[2026-04-18T07:29:54.946Z] GET https://fonts.gstatic.com/s/ibmplexsans/v23/zYXzKVElMYYaJe8bpLHnCwDKr932-G7dytD-Dmu1syxdKYbSB4ZhRNU.woff2 → 200 (?ms, ?B)
[2026-04-18T07:29:54.946Z] GET https://fonts.gstatic.com/s/ibmplexsans/v23/zYXzKVElMYYaJe8bpLHnCwDKr932-G7dytD-Dmu1syxeKYbSB4Zh.woff2 → 200 (?ms, ?B)
[2026-04-18T07:29:54.946Z] GET https://fonts.gstatic.com/s/jetbrainsmono/v24/tDba2o-flEEny0FZhsfKu5WU4xD-IQ-PuZJJXxfpAO-LfmOXmaKxggPBcV8.woff2 → 200 (?ms, ?B)
[2026-04-18T07:29:54.946Z] GET https://fonts.gstatic.com/s/jetbrainsmono/v24/tDbv2o-flEEny0FZhsfKu5WU4zr3E_BX0PnT8RD8yKwBNntkaToggR7BYRbKPxTcwgknk-6nFg.woff2 → 200 (?ms, ?B)
[2026-04-18T07:29:54.946Z] GET https://fonts.gstatic.com/s/jetbrainsmono/v24/tDbv2o-flEEny0FZhsfKu5WU4zr3E_BX0PnT8RD8yKwBNntkaToggR7BYRbKPxDcwgknk-4.woff2 → 200 (?ms, ?B)
[2026-04-18T07:30:00.721Z] GET http://localhost:5173/ → 200 (2ms, 4549B)
[2026-04-18T07:30:00.727Z] GET http://localhost:5173/@vite/client → 304 (?ms, ?B)
[2026-04-18T07:30:00.727Z] GET https://fonts.googleapis.com/css2?family=Fraunces:ital,opsz,wght@0,9..144,300..900;1,9..144,400..900&family=IBM+Plex+Sans:ital,wght@0,300;0,400;0,500;0,600;1,400&family=JetBrains+Mono:ital,wght@0,400;0,500;0,700;1,400&display=swap → 200 (?ms, 25510B)
[2026-04-18T07:30:00.727Z] GET http://localhost:5173/main.js?t=1776497400699 → 200 (4ms, 204922B)
[2026-04-18T07:30:00.727Z] GET http://localhost:5173/node_modules/vite/dist/client/env.mjs → 304 (3ms, ?B)
[2026-04-18T07:30:00.731Z] GET http://localhost:5173/style.css?t=1776497069156 → 304 (1ms, ?B)
[2026-04-18T07:30:00.738Z] GET https://fonts.gstatic.com/s/fraunces/v38/6NU58FyLNQOQZAnv9ZwNjucMHVn85Ni7emAe9lKqZTnbB-gzTK0K1ChjeveQ7ZXk8g.woff2 → 200 (1ms, ?B)
[2026-04-18T07:30:00.739Z] GET https://fonts.gstatic.com/s/fraunces/v38/6NU78FyLNQOQZAnv9bYEvDiIdE9Ea92uemAk_WBq8U_9v0c2Wa0KxC9TeP2Xz5c.woff2 → 200 (?ms, ?B)
[2026-04-18T07:30:00.739Z] GET https://fonts.gstatic.com/s/ibmplexsans/v23/zYXEKVElMYYaJe8bpLHnCwDKhdTEG46kmUZQCX598fQbM4jw8V78x9OWIhqbQ5g6voKE7-jfBVQ.woff2 → 200 (?ms, ?B)
[2026-04-18T07:30:00.739Z] GET https://fonts.gstatic.com/s/ibmplexsans/v23/zYXzKVElMYYaJe8bpLHnCwDKr932-G7dytD-Dmu1syxdKYbSB4ZhRNU.woff2 → 200 (1ms, ?B)
[2026-04-18T07:30:00.740Z] GET https://fonts.gstatic.com/s/ibmplexsans/v23/zYXzKVElMYYaJe8bpLHnCwDKr932-G7dytD-Dmu1syxeKYbSB4Zh.woff2 → 200 (?ms, ?B)
[2026-04-18T07:30:00.741Z] GET https://fonts.gstatic.com/s/jetbrainsmono/v24/tDba2o-flEEny0FZhsfKu5WU4xD-IQ-PuZJJXxfpAO-LfmOXmaKxggPBcV8.woff2 → 200 (?ms, ?B)
[2026-04-18T07:30:00.741Z] GET https://fonts.gstatic.com/s/jetbrainsmono/v24/tDbv2o-flEEny0FZhsfKu5WU4zr3E_BX0PnT8RD8yKwBNntkaToggR7BYRbKPxTcwgknk-6nFg.woff2 → 200 (?ms, ?B)
[2026-04-18T07:30:00.741Z] GET https://fonts.gstatic.com/s/jetbrainsmono/v24/tDbv2o-flEEny0FZhsfKu5WU4zr3E_BX0PnT8RD8yKwBNntkaToggR7BYRbKPxDcwgknk-4.woff2 → 200 (?ms, ?B)
[2026-04-18T07:30:08.140Z] GET http://localhost:5173/ → 200 (2ms, 4549B)
[2026-04-18T07:30:08.147Z] GET http://localhost:5173/@vite/client → 200 (11ms, 178928B)
[2026-04-18T07:30:08.147Z] GET https://fonts.googleapis.com/css2?family=Fraunces:ital,opsz,wght@0,9..144,300..900;1,9..144,400..900&family=IBM+Plex+Sans:ital,wght@0,300;0,400;0,500;0,600;1,400&family=JetBrains+Mono:ital,wght@0,400;0,500;0,700;1,400&display=swap → 200 (?ms, 25510B)
[2026-04-18T07:30:08.148Z] GET http://localhost:5173/main.js?t=1776497408114 → 200 (9ms, 203714B)
[2026-04-18T07:30:08.149Z] GET https://fonts.gstatic.com/s/fraunces/v38/6NU58FyLNQOQZAnv9ZwNjucMHVn85Ni7emAe9lKqZTnbB-gzTK0K1ChjeveQ7ZXk8g.woff2 → 200 (?ms, ?B)
[2026-04-18T07:30:08.149Z] GET https://fonts.gstatic.com/s/fraunces/v38/6NU78FyLNQOQZAnv9bYEvDiIdE9Ea92uemAk_WBq8U_9v0c2Wa0KxC9TeP2Xz5c.woff2 → 200 (?ms, ?B)
[2026-04-18T07:30:08.150Z] GET https://fonts.gstatic.com/s/ibmplexsans/v23/zYXEKVElMYYaJe8bpLHnCwDKhdTEG46kmUZQCX598fQbM4jw8V78x9OWIhqbQ5g6voKE7-jfBVQ.woff2 → 200 (?ms, ?B)
[2026-04-18T07:30:08.150Z] GET https://fonts.gstatic.com/s/ibmplexsans/v23/zYXzKVElMYYaJe8bpLHnCwDKr932-G7dytD-Dmu1syxdKYbSB4ZhRNU.woff2 → 200 (?ms, ?B)
[2026-04-18T07:30:08.150Z] GET https://fonts.gstatic.com/s/ibmplexsans/v23/zYXzKVElMYYaJe8bpLHnCwDKr932-G7dytD-Dmu1syxeKYbSB4Zh.woff2 → 200 (?ms, ?B)
[2026-04-18T07:30:08.150Z] GET https://fonts.gstatic.com/s/jetbrainsmono/v24/tDba2o-flEEny0FZhsfKu5WU4xD-IQ-PuZJJXxfpAO-LfmOXmaKxggPBcV8.woff2 → 200 (?ms, ?B)
[2026-04-18T07:30:08.151Z] GET https://fonts.gstatic.com/s/jetbrainsmono/v24/tDbv2o-flEEny0FZhsfKu5WU4zr3E_BX0PnT8RD8yKwBNntkaToggR7BYRbKPxTcwgknk-6nFg.woff2 → 200 (?ms, ?B)
[2026-04-18T07:30:08.151Z] GET https://fonts.gstatic.com/s/jetbrainsmono/v24/tDbv2o-flEEny0FZhsfKu5WU4zr3E_BX0PnT8RD8yKwBNntkaToggR7BYRbKPxDcwgknk-4.woff2 → 200 (?ms, ?B)
[2026-04-18T07:30:08.158Z] GET http://localhost:5173/style.css?t=1776497069156 → 200 (?ms, 45185B)
[2026-04-18T07:30:08.158Z] GET http://localhost:5173/node_modules/vite/dist/client/env.mjs → 200 (?ms, 3478B)
[2026-04-18T07:30:13.059Z] GET http://localhost:5173/ → 200 (3ms, 4549B)
[2026-04-18T07:30:13.065Z] GET http://localhost:5173/@vite/client → 304 (4ms, ?B)
[2026-04-18T07:30:13.065Z] GET https://fonts.googleapis.com/css2?family=Fraunces:ital,opsz,wght@0,9..144,300..900;1,9..144,400..900&family=IBM+Plex+Sans:ital,wght@0,300;0,400;0,500;0,600;1,400&family=JetBrains+Mono:ital,wght@0,400;0,500;0,700;1,400&display=swap → 200 (1ms, 25510B)
[2026-04-18T07:30:13.066Z] GET http://localhost:5173/main.js?t=1776497413037 → 200 (5ms, 203726B)
[2026-04-18T07:30:13.070Z] GET http://localhost:5173/node_modules/vite/dist/client/env.mjs → 304 (1ms, ?B)
[2026-04-18T07:30:13.071Z] GET http://localhost:5173/style.css?t=1776497069156 → 304 (?ms, ?B)
[2026-04-18T07:30:13.075Z] GET https://fonts.gstatic.com/s/fraunces/v38/6NU58FyLNQOQZAnv9ZwNjucMHVn85Ni7emAe9lKqZTnbB-gzTK0K1ChjeveQ7ZXk8g.woff2 → 200 (?ms, ?B)
[2026-04-18T07:30:13.075Z] GET https://fonts.gstatic.com/s/fraunces/v38/6NU78FyLNQOQZAnv9bYEvDiIdE9Ea92uemAk_WBq8U_9v0c2Wa0KxC9TeP2Xz5c.woff2 → 200 (?ms, ?B)
[2026-04-18T07:30:13.075Z] GET https://fonts.gstatic.com/s/ibmplexsans/v23/zYXEKVElMYYaJe8bpLHnCwDKhdTEG46kmUZQCX598fQbM4jw8V78x9OWIhqbQ5g6voKE7-jfBVQ.woff2 → 200 (?ms, ?B)
[2026-04-18T07:30:13.075Z] GET https://fonts.gstatic.com/s/ibmplexsans/v23/zYXzKVElMYYaJe8bpLHnCwDKr932-G7dytD-Dmu1syxdKYbSB4ZhRNU.woff2 → 200 (?ms, ?B)
[2026-04-18T07:30:13.075Z] GET https://fonts.gstatic.com/s/ibmplexsans/v23/zYXzKVElMYYaJe8bpLHnCwDKr932-G7dytD-Dmu1syxeKYbSB4Zh.woff2 → 200 (?ms, ?B)
[2026-04-18T07:30:13.075Z] GET https://fonts.gstatic.com/s/jetbrainsmono/v24/tDba2o-flEEny0FZhsfKu5WU4xD-IQ-PuZJJXxfpAO-LfmOXmaKxggPBcV8.woff2 → 200 (?ms, ?B)
[2026-04-18T07:30:13.076Z] GET https://fonts.gstatic.com/s/jetbrainsmono/v24/tDbv2o-flEEny0FZhsfKu5WU4zr3E_BX0PnT8RD8yKwBNntkaToggR7BYRbKPxTcwgknk-6nFg.woff2 → 200 (?ms, ?B)
[2026-04-18T07:30:13.076Z] GET https://fonts.gstatic.com/s/jetbrainsmono/v24/tDbv2o-flEEny0FZhsfKu5WU4zr3E_BX0PnT8RD8yKwBNntkaToggR7BYRbKPxDcwgknk-4.woff2 → 200 (?ms, ?B)
[2026-04-18T07:30:37.428Z] GET http://localhost:5173/ → 200 (5ms, 4549B)
[2026-04-18T07:30:37.438Z] GET http://localhost:5173/@vite/client → 304 (9ms, ?B)
[2026-04-18T07:30:37.438Z] GET https://fonts.googleapis.com/css2?family=Fraunces:ital,opsz,wght@0,9..144,300..900;1,9..144,400..900&family=IBM+Plex+Sans:ital,wght@0,300;0,400;0,500;0,600;1,400&family=JetBrains+Mono:ital,wght@0,400;0,500;0,700;1,400&display=swap → 200 (?ms, 25510B)
[2026-04-18T07:30:37.439Z] GET http://localhost:5173/main.js?t=1776497437404 → 200 (8ms, 200359B)
[2026-04-18T07:30:37.447Z] GET http://localhost:5173/node_modules/vite/dist/client/env.mjs → 304 (3ms, ?B)
[2026-04-18T07:30:37.447Z] GET http://localhost:5173/style.css?t=1776497069156 → 304 (4ms, ?B)
[2026-04-18T07:30:37.448Z] GET https://fonts.gstatic.com/s/fraunces/v38/6NU58FyLNQOQZAnv9ZwNjucMHVn85Ni7emAe9lKqZTnbB-gzTK0K1ChjeveQ7ZXk8g.woff2 → 200 (?ms, ?B)
[2026-04-18T07:30:37.448Z] GET https://fonts.gstatic.com/s/fraunces/v38/6NU78FyLNQOQZAnv9bYEvDiIdE9Ea92uemAk_WBq8U_9v0c2Wa0KxC9TeP2Xz5c.woff2 → 200 (?ms, ?B)
[2026-04-18T07:30:37.449Z] GET https://fonts.gstatic.com/s/ibmplexsans/v23/zYXEKVElMYYaJe8bpLHnCwDKhdTEG46kmUZQCX598fQbM4jw8V78x9OWIhqbQ5g6voKE7-jfBVQ.woff2 → 200 (?ms, ?B)
[2026-04-18T07:30:37.449Z] GET https://fonts.gstatic.com/s/ibmplexsans/v23/zYXzKVElMYYaJe8bpLHnCwDKr932-G7dytD-Dmu1syxdKYbSB4ZhRNU.woff2 → 200 (?ms, ?B)
[2026-04-18T07:30:37.449Z] GET https://fonts.gstatic.com/s/ibmplexsans/v23/zYXzKVElMYYaJe8bpLHnCwDKr932-G7dytD-Dmu1syxeKYbSB4Zh.woff2 → 200 (?ms, ?B)
[2026-04-18T07:30:37.449Z] GET https://fonts.gstatic.com/s/jetbrainsmono/v24/tDba2o-flEEny0FZhsfKu5WU4xD-IQ-PuZJJXxfpAO-LfmOXmaKxggPBcV8.woff2 → 200 (?ms, ?B)
[2026-04-18T07:30:37.450Z] GET https://fonts.gstatic.com/s/jetbrainsmono/v24/tDbv2o-flEEny0FZhsfKu5WU4zr3E_BX0PnT8RD8yKwBNntkaToggR7BYRbKPxTcwgknk-6nFg.woff2 → 200 (?ms, ?B)
[2026-04-18T07:30:37.450Z] GET https://fonts.gstatic.com/s/jetbrainsmono/v24/tDbv2o-flEEny0FZhsfKu5WU4zr3E_BX0PnT8RD8yKwBNntkaToggR7BYRbKPxDcwgknk-4.woff2 → 200 (?ms, ?B)
[2026-04-18T07:30:42.360Z] GET http://localhost:5173/style.css?t=1776497442358 → 200 (13ms, 45180B)
[2026-04-18T07:30:48.646Z] GET http://localhost:5173/style.css?t=1776497448646 → 200 (6ms, 44221B)
[2026-04-18T07:30:55.473Z] GET http://localhost:5173/style.css?t=1776497455472 → 200 (7ms, 44203B)
[2026-04-18T07:31:02.920Z] GET http://localhost:5173/style.css?t=1776497462916 → 200 (6ms, 44179B)
[2026-04-18T07:31:09.102Z] GET http://localhost:5173/style.css?t=1776497469101 → 200 (7ms, 44156B)
[2026-04-18T07:31:17.266Z] GET http://localhost:5173/style.css?t=1776497477265 → 200 (10ms, 43884B)
[2026-04-18T07:31:21.754Z] GET http://localhost:5173/style.css?t=1776497481750 → 200 (7ms, 43846B)
[2026-04-18T07:31:43.275Z] GET http://localhost:5173/style.css?t=1776497503274 → 200 (7ms, 44458B)
[2026-04-18T07:32:43.824Z] GET http://localhost:5175/ → 200 (20ms, 4533B)
[2026-04-18T07:32:43.849Z] GET http://localhost:5175/@vite/client → 200 (36ms, 178928B)
[2026-04-18T07:32:43.849Z] GET https://fonts.googleapis.com/css2?family=Fraunces:ital,opsz,wght@0,9..144,300..900;1,9..144,400..900&family=IBM+Plex+Sans:ital,wght@0,300;0,400;0,500;0,600;1,400&family=JetBrains+Mono:ital,wght@0,400;0,500;0,700;1,400&display=swap → 200 (?ms, 25510B)
[2026-04-18T07:32:43.849Z] GET http://localhost:5175/main.js → 200 (11ms, 200295B)
[2026-04-18T07:32:43.860Z] GET http://localhost:5175/style.css → 200 (24ms, 44458B)
[2026-04-18T07:32:43.885Z] GET http://localhost:5175/node_modules/vite/dist/client/env.mjs → 200 (?ms, 3478B)
[2026-04-18T07:32:43.889Z] GET https://fonts.gstatic.com/s/jetbrainsmono/v24/tDbv2o-flEEny0FZhsfKu5WU4zr3E_BX0PnT8RD8yKwBNntkaToggR7BYRbKPxDcwgknk-4.woff2 → 200 (6ms, 31340B)
[2026-04-18T07:32:43.889Z] GET https://fonts.gstatic.com/s/ibmplexsans/v23/zYXzKVElMYYaJe8bpLHnCwDKr932-G7dytD-Dmu1syxeKYbSB4Zh.woff2 → 200 (6ms, 40240B)
[2026-04-18T07:32:43.889Z] GET https://fonts.gstatic.com/s/fraunces/v38/6NU58FyLNQOQZAnv9ZwNjucMHVn85Ni7emAe9lKqZTnbB-gzTK0K1ChjeveQ7ZXk8g.woff2 → 200 (7ms, 81704B)
[2026-04-18T07:32:43.900Z] GET https://fonts.gstatic.com/s/fraunces/v38/6NU78FyLNQOQZAnv9bYEvDiIdE9Ea92uemAk_WBq8U_9v0c2Wa0KxC9TeP2Xz5c.woff2 → 200 (1ms, 67388B)
[2026-04-18T07:32:43.900Z] GET https://fonts.gstatic.com/s/jetbrainsmono/v24/tDba2o-flEEny0FZhsfKu5WU4xD-IQ-PuZJJXxfpAO-LfmOXmaKxggPBcV8.woff2 → 200 (?ms, 22228B)
[2026-04-18T07:32:43.900Z] GET https://fonts.gstatic.com/s/jetbrainsmono/v24/tDbv2o-flEEny0FZhsfKu5WU4zr3E_BX0PnT8RD8yKwBNntkaToggR7BYRbKPxTcwgknk-6nFg.woff2 → 200 (?ms, 8892B)
[2026-04-18T07:33:34.167Z] GET blob:http://localhost:5175/6160210c-8229-49b9-bdee-b4bba98bfe75 → pending (?ms, ?B)
